// Jest Snapshot v1, https://goo.gl/fbAQLP

exports[`Header component should pass snapshot check 1`] = `
<Uncontrolled(Navbar)
  bsStyle="default"
>
  <NavbarHeader>
    <NavbarBrand>
      <Link
        replace={false}
        to="/"
      >
        Home
      </Link>
    </NavbarBrand>
  </NavbarHeader>
  <Nav
    bsClass="nav"
    justified={false}
    pullLeft={false}
    pullRight={false}
    stacked={false}
  >
    <LinkContainer
      activeClassName="active"
      exact={false}
      replace={false}
      strict={false}
      to="/about"
    >
      <NavItem
        active={false}
        disabled={false}
        eventKey={1}
      >
        About
      </NavItem>
    </LinkContainer>
  </Nav>
</Uncontrolled(Navbar)>
`;
